# Q&A Log - pySigHor

Registro de preguntas y respuestas para optimizar el contexto durante el desarrollo del proyecto pySigHor.

---

## Referencia: Conversación 40 - Casos de uso generarHorario() y consultarHorario()

### Fecha: 2025-07-25
### Contexto: Planificación de los casos de uso finales del primer nivel del sistema

---

## Validaciones previas en generarHorario()

**Pregunta**: ¿Qué verificaciones mínimas debe hacer el sistema antes de iniciar el proceso de generación de horarios? Por ejemplo:
- ¿Al menos X cursos configurados?
- ¿Al menos Y profesores con datos completos?
- ¿Al menos Z aulas disponibles?
- ¿Verificación de que hay recursos suficientes?

**Contexto**: El algoritmo original en `Horario.bas` requiere datos maestros completos para funcionar correctamente.

**Respuesta**:

Lo mínimo sería 1 curso, 1 profesor y 1 aula. Lógicamente, el horario sería único, pero se construiría siguiendo el algoritmo.

---

## Confirmación previa en generarHorario()

**Pregunta**: ¿El caso de uso generarHorario() debería requerir confirmación previa del administrador mostrando un resumen de los datos disponibles antes de iniciar el proceso computacionalmente intensivo?

**Contexto**: Considerando que la generación puede ser un proceso largo y que modifica el estado del sistema.

**Respuesta**:

Confirmación previa de iniciar en caso que exista un horario generado, porque efectivamente lo eliminaría. Pero si no hay horario generado, no hace falta confirmación previa de nada.

---

## Modelado de complejidad algorítmica

**Pregunta**: ¿Cómo modelamos la complejidad algorítmica de las 4 fases (PrepararH, GeneraPreHorario, GeneraHorario, casos especiales) sin entrar en detalles de implementación en la especificación del caso de uso?

**Contexto**: Necesitamos representar el proceso sin violar la separación entre requisitos y diseño.

**Respuesta**:

Incluso en la especificación del caso de uso hablamos únicamente de que el sistema genera el horario. Estas fases formarán parte del algoritmo que lo genera, que desde el caso de uso -e incluso en el análisis- se ve como un "servicio" al que se le utiliza. La complejidad la analizaremos luego.

---

## Manejo del tiempo de procesamiento

**Pregunta**: ¿Cómo debemos manejar el tiempo de procesamiento en la especificación? ¿Mostramos progreso, mensaje de "procesando", o simplemente esperamos hasta completar?

**Contexto**: El algoritmo puede tardar tiempo considerable dependiendo de la cantidad de datos.

**Respuesta**:

En primera instancia, simplemente esperamos. A priori, por evidencia empírica el tiempo no es tan largo.

---

## Persistencia del resultado

**Pregunta**: ¿El horario generado se guarda automáticamente al completarse el proceso o requiere confirmación adicional del usuario? ¿Qué información presenta el sistema después del proceso?

**Contexto**: Definir el flujo posterior a la generación exitosa.

**Respuesta**:

Se guarda mientras se genera: no hace falta confirmar nada. EL sistema, al termina el proceso, muestra el horario.

---

## Gestión de versiones de horario

**Pregunta**: ¿El nuevo horario generado reemplaza automáticamente uno anterior o el sistema puede mantener múltiples versiones? ¿Hay historial de generaciones?

**Contexto**: Definir la política de versionado de horarios en el sistema.

**Respuesta**:

Sí, lo reemplaza.

---

## Comportamiento cuando no existe horario

**Pregunta**: En consultarHorario(), ¿qué debe hacer el sistema si todavía no se ha generado ningún horario? ¿Mensaje de error, redirección a generarHorario(), pantalla vacía?

**Contexto**: Definir el comportamiento del caso de consulta sin datos.

**Respuesta**:

Decir que no hay horario.

---

## Tipos de vistas y filtros en consultarHorario()

**Pregunta**: ¿Qué tipos de vistas/filtros debería ofrecer consultarHorario()? Por ejemplo:

- Vista por profesor individual
- Vista por aula específica
- Vista por día de la semana
- Vista general completa
- ¿Algún otro tipo de filtro específico?

**Contexto**: Definir la granularidad de visualización del horario.

**Respuesta**:

Luego nos metemos en esos filtros. A priori, consultarHorario muestra el horario sin mas.

---

## Capacidad de exportación

**Pregunta**: ¿consultarHorario() es solo visualización o debería permitir algún tipo de exportación (PDF, Excel, impresión)?

**Contexto**: Definir si es puramente de consulta o incluye funcionalidades adicionales.

**Respuesta**:

Solo visualización. Como el sistema es modular y respeta open-close, luego podemos extenderlo para otras cosas.

---

## Patrón de diseño para casos de proceso

**Pregunta**: ¿generarHorario() y consultarHorario() siguen el mismo patrón de especificación que los casos CRUD o tienen características especiales por ser "casos de proceso" vs "casos de entidad"?

**Contexto**: Determinar si aplicamos la misma metodología "como comer pipas" o necesitan un enfoque diferente.

**Respuesta**:

- generarHorario el usuario solicita generarlo, el sistema lo genera y luego pasa la pelota a consultarHorario.
- consultarHorario muestra el horario.

---

## Estado de transición desde generarHorario()

**Pregunta**: ¿A qué estado del diagrama de contexto debe transitar generarHorario() una vez completado exitosamente? ¿Directamente a consultarHorario() (HORARIO_ABIERTO) o regresa al menú principal?

**Contexto**: Definir la navegación posterior a la generación exitosa.

**Respuesta**:

Te lo he contestado arriba.

---

## Manejo de errores en generación

**Pregunta**: ¿Cómo debe comportarse el sistema si el algoritmo de generación falla o no encuentra solución viable? ¿Mensaje de error específico, sugerencias de ajuste de datos, regreso al menú?

**Contexto**: El algoritmo original puede no encontrar soluciones óptimas en ciertos escenarios.

**Respuesta**:

A priori, si se cumple la condición mínima (1 aula, 1 curso, 1 profesor), el algoritmo siempre concluye proponiendo un horario. Y lo muestra.

---

## 🚨 CONSULTA CRÍTICA - Estandarización de Nomenclatura (Traducción Especificaciones)

### Fecha: 2025-07-29
### Contexto: Durante la verificación de coherencia entre diagrama de contexto y especificaciones

---

## INCONSISTENCIAS IDENTIFICADAS

### 1. CASOS FALTANTES (sin carpeta de especificación):
- `completeProcess()` 
- `completeConsultation()`
- `openTeacherEdition()`

RESPUESTA 

- completeProcess y completeConsultation son traducciones "libres" del mismo caso de uso: completeManagement(). Se deberia usar este último.
- openTeacherEdition es otra traducción libre. Deberia ser editTeacher()

### 2. INCONSISTENCIA DE IDIOMA MASIVA:
- **Diagrama de contexto**: En INGLÉS (startSession, openPrograms, etc.)
- **Carpetas de especificación**: En ESPAÑOL (iniciarSesion, abrirProgramas, etc.)

### 3. NOMENCLATURA MIXTA INTERNA:
- Archivos `.puml` internos tienen nombres inconsistentes
- Algunos coinciden con el diagrama (inglés), otros con las carpetas (español)

## PREGUNTAS CRÍTICAS

### PREGUNTA 1: Dirección de estandarización de idioma
**¿Cuál es la dirección preferida para la estandarización completa?**

**OPCIÓN A - TODO AL INGLÉS:**
- Renombrar carpetas: `iniciarSesion` → `startSession`, `abrirProgramas` → `openPrograms`, etc.
- Mantener diagrama de contexto en inglés (ya está)
- Traducir contenido interno de archivos .puml al inglés
- Resultado: Sistema completamente en inglés

**OPCIÓN B - TODO AL ESPAÑOL:**
- Mantener carpetas en español (ya están)
- Cambiar diagrama de contexto al español: `startSession()` → `iniciarSesion()`, etc.
- Traducir contenido interno de archivos .puml al español
- Resultado: Sistema completamente en español

**OPCIÓN C - STATUS QUO MIXTO (no recomendado):**
- Solo traducir contenido interno, mantener nombres de carpetas y diagrama como están
- Resultado: Inconsistencia permanente

### PREGUNTA 2: Casos faltantes
**¿Qué hacer con los casos de uso que están en el diagrama pero no tienen carpeta de especificación?**

**OPCIÓN A:** Crear las carpetas faltantes con especificaciones completas
**OPCIÓN B:** Eliminar esos casos del diagrama de contexto
**OPCIÓN C:** Dejarlos como están (inconsistencia permanente)

### PREGUNTA 3: Nomenclatura específica
**¿Cuál es la nomenclatura preferida para conceptos específicos?**

- `classroom` vs `aula` 
- `building` vs `edificio`
- `teacher` vs `profesor`
- `course` vs `curso`
- `resource` vs `recurso`

### PREGUNTA 4: Alcance de la traducción
**¿Debo traducir también los estados internos de los diagramas o solo el contenido textual?**

Por ejemplo:
- Nombres de estados: `EditingData` vs `EditandoDatos`
- Referencias de transición: `PROGRAMS_OPEN` vs `PROGRAMAS_ABIERTOS`

## RESPUESTAS
[Manuel: Por favor responde aquí las preguntas numerándolas]

**PREGUNTA 1:** 

Opcion A: todo al inglés, de modo coherente, incluyendo renombrado de carpetas y archivos. Con especial atención además al ajuste de rutas en los README.md

**PREGUNTA 2:** 

Te he contestado arriba, pero repito aquí la respuesta:

- completeProcess y completeConsultation son traducciones "libres" del mismo caso de uso: completeManagement(). Se deberia usar este último.
- openTeacherEdition es otra traducción libre. Deberia ser editTeacher()

**PREGUNTA 3:** 

La nomenclatura correcta preferida es el término en inglés.

**PREGUNTA 4:**

Todo al inglés, incluyendo estados internos.